C51 COMPILER V9.54   UART                                                                  05/10/2021 21:02:23 PAGE 1   


C51 COMPILER V9.54, COMPILATION OF MODULE UART
OBJECT MODULE PLACED IN .\outHex\UART.obj
COMPILER INVOKED BY: C:\Keil_v5\C51\BIN\C51.EXE ..\..\UART\UART.c OPTIMIZE(8,SPEED) BROWSE INCDIR(..\..\74HC573;..\..\BU
                    -TTON;..\..\DS18B20;..\..\exti_interrupt;..\..\IIC;..\..\LCD1602;..\..\motor_encode;..\..\mystring;..\..\pcf8591;..\..\PW
                    -M;..\..\software_timer;..\..\TIMER;..\..\UART;..\..\BUTTON_Matrix;..\..\AT24CXX) DEBUG OBJECTEXTEND PRINT(.\Listings\UAR
                    -T.lst) TABS(2) OBJECT(.\outHex\UART.obj)

line level    source

   1          #include "UART.h"
   2          
   3          //-----------------UART---------------
   4          void Uart_init()
   5          {
   6   1          SCON = 0x50; 
   7   1          TMOD |= 0x20; 
   8   1          PCON = 0x00; 
   9   1          TH1 = 0xFD; 
  10   1          TL1 = 0xFD;
  11   1          ES = 1; 
  12   1          EA = 1; 
  13   1          TR1 = 1;  
  14   1      
  15   1      }
  16          
  17          void Uart_Send( char Data)
  18          {
  19   1        SBUF=Data; 
  20   1        while(TI==0);      
  21   1        TI=0;
  22   1      
  23   1      }
  24          
  25          char putchar(char c)
  26          {
  27   1        
  28   1        Uart_Send(c);
  29   1        
  30   1      }
*** WARNING C173 IN LINE 30 OF ..\..\UART\UART.c: missing return-expression
  31          
  32          void Uart_puts(const char* str)
  33          {
  34   1        EA = 0;
  35   1        while(*str!='\0')
  36   1        {
  37   2          putchar(*str);
  38   2          str++;
  39   2        }
  40   1        EA = 1;
  41   1      }
  42          
  43          void Uart_IRQ() interrupt 4
  44          {
  45   1        RI=0;        
  46   1      }
*** WARNING C290 IN LINE 30 OF ..\..\UART\UART.c: missing return value


MODULE INFORMATION:   STATIC OVERLAYABLE
   CODE SIZE        =     59    ----
C51 COMPILER V9.54   UART                                                                  05/10/2021 21:02:23 PAGE 2   

   CONSTANT SIZE    =   ----    ----
   XDATA SIZE       =   ----    ----
   PDATA SIZE       =   ----    ----
   DATA SIZE        =   ----    ----
   IDATA SIZE       =   ----    ----
   BIT SIZE         =   ----    ----
END OF MODULE INFORMATION.


C51 COMPILATION COMPLETE.  2 WARNING(S),  0 ERROR(S)
