C51 COMPILER V9.54   IIC                                                                   05/07/2021 22:22:45 PAGE 1   


C51 COMPILER V9.54, COMPILATION OF MODULE IIC
OBJECT MODULE PLACED IN .\outHex\iic.obj
COMPILER INVOKED BY: C:\Keil_v5\C51\BIN\C51.EXE ..\..\IIC\iic.c OPTIMIZE(8,SPEED) BROWSE INCDIR(..\..\74HC573;..\..\BUTT
                    -ON;..\..\DS18B20;..\..\exti_interrupt;..\..\IIC;..\..\LCD1602;..\..\motor_encode;..\..\mystring;..\..\pcf8591;..\..\PWM;
                    -..\..\software_timer;..\..\TIMER;..\..\UART) DEBUG OBJECTEXTEND PRINT(.\Listings\iic.lst) TABS(2) OBJECT(.\outHex\iic.ob
                    -j)

line level    source

   1          #include "iic.h"
   2           
   3          #include <intrins.h>
   4          #define TIME_OUT  100
   5           
   6          void iic_delay_5us()
   7          {
   8   1        _nop_();
   9   1        _nop_();
  10   1        _nop_();
  11   1        _nop_();
  12   1        _nop_();
  13   1         
  14   1      }
  15          
  16          void iic_delay_us(unsigned int us)
  17          {   unsigned int i = us/20;
  18   1          while(i--);
  19   1      }
  20          
  21          void iic_start()
  22          {
  23   1        
  24   1        SCL = 1;
  25   1        SDA = 1;
  26   1        iic_delay_5us( );
  27   1        SDA = 0;
  28   1        iic_delay_5us( );
  29   1        SCL = 0;
  30   1        SDA = 1;
  31   1      }
  32          
  33          void iic_stop()
  34          {
  35   1        SCL = 0;
  36   1        SDA = 0;
  37   1        SCL = 1;
  38   1        iic_delay_5us( );
  39   1        SDA = 1;
  40   1        iic_delay_5us( );
  41   1        SDA = 0;
  42   1        SDA = 1;
  43   1      }
  44          
  45          void iic_sendbit(char bit_data)
  46          {
  47   1        SCL = 0;
  48   1        SDA = bit_data;
  49   1        iic_delay_5us( );
  50   1        SCL = 1;
  51   1        iic_delay_5us( );
  52   1        SCL = 0;
C51 COMPILER V9.54   IIC                                                                   05/07/2021 22:22:45 PAGE 2   

  53   1        SDA = 1;
  54   1      }
  55          
  56          bit iic_readbit()
  57          {
  58   1        bit ret = 0;
  59   1        SCL = 0;
  60   1        SDA = 1;
  61   1        iic_delay_5us( );
  62   1        SCL = 1;
  63   1        iic_delay_5us( );
  64   1        ret = SDA;
  65   1        SCL = 0;
  66   1        SDA = 1;
  67   1        return ret;
  68   1      }
  69          
  70          void iic_write_byte(unsigned char writedata)
  71          { 
  72   1        int i;
  73   1       
  74   1        for(i=0;i<8;i++)
  75   1        {
  76   2          if((writedata&0x80)!=0)
  77   2          {
  78   3            iic_sendbit(1);
  79   3          }
  80   2          else
  81   2          {
  82   3            iic_sendbit(0);
  83   3          }
  84   2          writedata<<=1;
  85   2        }
  86   1        
  87   1      }
  88          
  89          char iic_read_byte( )
  90          { 
  91   1        int i;
  92   1        char readdata = 0;
  93   1        char readdata_bit = 0;
  94   1        for(i=7;i>=0;i--)
  95   1        {
  96   2          readdata_bit = iic_readbit();
  97   2          readdata|= (readdata_bit << i);
  98   2        }
  99   1        return readdata;
 100   1      }
 101          
 102          char iic_waitack()
 103          {
 104   1       
 105   1        int timeout = 0;
 106   1        while(1 ==iic_readbit())
 107   1        {
 108   2          timeout++;
 109   2          if(timeout >  TIME_OUT)
 110   2          {
 111   3             
 112   3            return 0;
 113   3          }
 114   2        }
C51 COMPILER V9.54   IIC                                                                   05/07/2021 22:22:45 PAGE 3   

 115   1       
 116   1        return 1;
 117   1      }
 118          
 119          int iic_read_data(char iic_address,char *buffer,int length)
 120          {
 121   1        int i=0;
 122   1        iic_start();
 123   1        iic_address<<=1;
 124   1        iic_address|=0x01;
 125   1        iic_write_byte(iic_address);
 126   1        if(0 == iic_waitack())
 127   1        {
 128   2          return 0;
 129   2        }
 130   1       
 131   1        
 132   1        for(i=0;i<length;i++)
 133   1        {
 134   2          buffer[i] = iic_read_byte();
 135   2          if(i < length - 1)
 136   2          {
 137   3            iic_sendbit(0);
 138   3          }
 139   2          else
 140   2          {
 141   3            iic_sendbit(1);
 142   3          }
 143   2        
 144   2        }
 145   1       
 146   1        iic_stop();
 147   1       
 148   1        return 1;
 149   1      }
 150          
 151          int iic_write_data(char iic_address,char *buffer,int length)
 152          {
 153   1        int i=0;
 154   1        
 155   1        iic_start();
 156   1        iic_address<<=1;
 157   1        iic_address&=~(0x01);
 158   1        iic_write_byte(iic_address);
 159   1       
 160   1        if(0 ==iic_waitack())
 161   1        {
 162   2          return 0;
 163   2        }
 164   1         
 165   1       
 166   1        for(i=0;i<length;i++)
 167   1        {
 168   2          iic_write_byte(buffer[i]);
 169   2          if(0 ==iic_waitack())
 170   2          {
 171   3            return 0;
 172   3          }
 173   2        }
 174   1        
 175   1        iic_stop();
 176   1        
C51 COMPILER V9.54   IIC                                                                   05/07/2021 22:22:45 PAGE 4   

 177   1        return 1;
 178   1      }


MODULE INFORMATION:   STATIC OVERLAYABLE
   CODE SIZE        =    430    ----
   CONSTANT SIZE    =   ----    ----
   XDATA SIZE       =   ----    ----
   PDATA SIZE       =   ----    ----
   DATA SIZE        =   ----      16
   IDATA SIZE       =   ----    ----
   BIT SIZE         =   ----       1
END OF MODULE INFORMATION.


C51 COMPILATION COMPLETE.  0 WARNING(S),  0 ERROR(S)
