C51 COMPILER V9.54   TIMER                                                                 05/14/2021 22:14:17 PAGE 1   


C51 COMPILER V9.54, COMPILATION OF MODULE TIMER
OBJECT MODULE PLACED IN .\outHex\timer.obj
COMPILER INVOKED BY: C:\Keil_v5\C51\BIN\C51.EXE ..\..\TIMER\timer.c OPTIMIZE(8,SPEED) BROWSE INCDIR(..\..\74HC573;..\..\
                    -BUTTON;..\..\DS18B20;..\..\exti_interrupt;..\..\IIC;..\..\LCD1602;..\..\motor_encode;..\..\mystring;..\..\pcf8591;..\..\
                    -PWM;..\..\software_timer;..\..\TIMER;..\..\UART;..\..\BUTTON_Matrix;..\..\AT24CXX) DEBUG OBJECTEXTEND PRINT(.\Listings\t
                    -imer.lst) TABS(2) OBJECT(.\outHex\timer.obj)

line level    source

   1          
   2          #include "timer.h"
   3          
   4          
   5          typedef void (*timer0_callback)(void);
   6          
   7          timer0_callback p_timer0_callback = 0;
   8          
   9          void Timer0_Init()
  10          {
  11   1       
  12   1        TL0 = (65536 - TIMER_RELOAD )%256;   
  13   1        TH0 = (65536 - TIMER_RELOAD )/256;
  14   1        TMOD |=0x01;
  15   1        ET0 = 1;
  16   1        EA=1;
  17   1        TR0 = 0;
  18   1        TR0 = 1;
  19   1        
  20   1      }
  21          
  22          void Timer0_interupt_enable()
  23          {
  24   1          ET0 = 1;
  25   1        
  26   1      }
  27          void Timer0_interupt_disable()
  28          {
  29   1          ET0 = 0;
  30   1        
  31   1      }
  32          
  33          void Timer0_set_callback(void* pfun)
  34          {
  35   1          p_timer0_callback = (timer0_callback)pfun;
  36   1      }
  37          
  38          void Timer0_IRQ(void) interrupt 1
  39          {
  40   1          EA = 0;
  41   1        
  42   1          TL0 = (65536 - 10000 )%256; 
  43   1          TH0 = (65536 - 10000 )/256;
  44   1      
  45   1          if(p_timer0_callback != 0)
  46   1          {
  47   2              p_timer0_callback();
  48   2          }
  49   1          EA = 1;
  50   1      
  51   1      }

C51 COMPILER V9.54   TIMER                                                                 05/14/2021 22:14:17 PAGE 2   


MODULE INFORMATION:   STATIC OVERLAYABLE
   CODE SIZE        =    112    ----
   CONSTANT SIZE    =   ----    ----
   XDATA SIZE       =   ----    ----
   PDATA SIZE       =   ----    ----
   DATA SIZE        =      3    ----
   IDATA SIZE       =   ----    ----
   BIT SIZE         =   ----    ----
END OF MODULE INFORMATION.


C51 COMPILATION COMPLETE.  0 WARNING(S),  0 ERROR(S)
