BL51 BANKED LINKER/LOCATER V6.22                                                        07/23/2021  21:38:56  PAGE 1


BL51 BANKED LINKER/LOCATER V6.22, INVOKED BY:
C:\KEIL_V5\C51\BIN\BL51.EXE .\outHex\main.obj, .\outHex\UART.obj, .\outHex\timer.obj, .\outHex\Thread.obj, .\outHex\exti
>> _interrupt.obj TO .\outHex\keil5_prj PRINT (.\Listings\keil5_prj.m51) RAMSIZE (256) CODE (0X0000-0X1FFF)


MEMORY MODEL: SMALL


INPUT MODULES INCLUDED:
  .\outHex\main.obj (MAIN)
  .\outHex\UART.obj (UART)
  .\outHex\timer.obj (TIMER)
  .\outHex\Thread.obj (THREAD)
  .\outHex\exti_interrupt.obj (EXTI_INTERRUPT)
  C:\KEIL_V5\C51\LIB\C51S.LIB (?C_STARTUP)
  C:\KEIL_V5\C51\LIB\C51S.LIB (?C?CLDPTR)
  C:\KEIL_V5\C51\LIB\C51S.LIB (?C?CLDOPTR)
  C:\KEIL_V5\C51\LIB\C51S.LIB (?C?CSTPTR)
  C:\KEIL_V5\C51\LIB\C51S.LIB (?C?CSTOPTR)
  C:\KEIL_V5\C51\LIB\C51S.LIB (?C?PSTOPTR)
  C:\KEIL_V5\C51\LIB\C51S.LIB (?C?ICALL)
  C:\KEIL_V5\C51\LIB\C51S.LIB (?C_INIT)
  C:\KEIL_V5\C51\LIB\C51S.LIB (?C?PSTIDATA)
  C:\KEIL_V5\C51\LIB\C51S.LIB (?C?PSTXDATA)
  C:\KEIL_V5\C51\LIB\C51S.LIB (?C?PSTPDATA)


LINK MAP OF MODULE:  .\outHex\keil5_prj (MAIN)


            TYPE    BASE      LENGTH    RELOCATION   SEGMENT NAME
            -----------------------------------------------------

            * * * * * * *   D A T A   M E M O R Y   * * * * * * *
            REG     0000H     0008H     ABSOLUTE     "REG BANK 0"
            DATA    0008H     0042H     UNIT         ?DT?MAIN
            DATA    004AH     000CH     UNIT         _DATA_GROUP_
            DATA    0056H     0006H     UNIT         ?DT?EXTI_INTERRUPT
            DATA    005CH     0003H     UNIT         ?DT?_UART_PUTS?UART
            DATA    005FH     0003H     UNIT         ?DT?TIMER
            DATA    0062H     0002H     UNIT         ?DT?THREAD
            IDATA   0064H     005AH     UNIT         ?ID?MAIN
            IDATA   00BEH     0017H     UNIT         ?ID?THREAD
            IDATA   00D5H     0001H     UNIT         ?STACK

            * * * * * * *   C O D E   M E M O R Y   * * * * * * *
            CODE    0000H     0003H     ABSOLUTE     
            CODE    0003H     0003H     ABSOLUTE     
            CODE    0006H     0003H     INBLOCK      ?PR?TIMER0_INTERUPT_ENABLE?TIMER
                    0009H     0002H                  *** GAP ***
            CODE    000BH     0003H     ABSOLUTE     
            CODE    000EH     0003H     INBLOCK      ?PR?TIMER0_INTERUPT_DISABLE?TIMER
                    0011H     0002H                  *** GAP ***
            CODE    0013H     0003H     ABSOLUTE     
            CODE    0016H     000BH     INBLOCK      ?PR?_PUTCHAR?UART
                    0021H     0002H                  *** GAP ***
            CODE    0023H     0003H     ABSOLUTE     
            CODE    0026H     034CH     INBLOCK      ?PR?_THREAD_CHANGE?THREAD
BL51 BANKED LINKER/LOCATER V6.22                                                      07/23/2021  21:38:56  PAGE 2


            CODE    0372H     00F4H     UNIT         ?C?LIB_CODE
            CODE    0466H     0091H     INBLOCK      ?PR?MAIN?MAIN
            CODE    04F7H     008CH     UNIT         ?C_C51STARTUP
            CODE    0583H     006AH     INBLOCK      ?PR?TIMER0_IRQ?TIMER
            CODE    05EDH     006AH     INBLOCK      ?PR?_THREAD_CREATE?THREAD
            CODE    0657H     0056H     INBLOCK      ?PR?EXTI_INTERRUPT_EX0?EXTI_INTERRUPT
            CODE    06ADH     0056H     INBLOCK      ?PR?EXTI_INTERRUPT_EX1?EXTI_INTERRUPT
            CODE    0703H     0039H     UNIT         ?C_INITSEG
            CODE    073CH     0038H     INBLOCK      ?PR?THREAD_SCHEDULE?THREAD
            CODE    0774H     0024H     INBLOCK      ?PR?THREAD_A_FUN?MAIN
            CODE    0798H     0024H     INBLOCK      ?PR?_UART_PUTS?UART
            CODE    07BCH     0022H     INBLOCK      ?PR?THREAD_B_FUN?MAIN
            CODE    07DEH     0022H     INBLOCK      ?PR?THREAD_C_FUN?MAIN
            CODE    0800H     001BH     UNIT         ?CO?MAIN
            CODE    081BH     001BH     INBLOCK      ?PR?THREAD_START?THREAD
            CODE    0836H     0019H     INBLOCK      ?PR?UART_INIT?UART
            CODE    084FH     0012H     INBLOCK      ?PR?_THREAD_SET_NEXT_THREAD?THREAD
            CODE    0861H     0011H     INBLOCK      ?PR?EXTI0_INT_HANDLER?MAIN
            CODE    0872H     0010H     INBLOCK      ?PR?TIMER0_INIT?TIMER
            CODE    0882H     000FH     INBLOCK      ?PR?UART_IRQ?UART
            CODE    0891H     000BH     INBLOCK      ?PR?EXTI_INTERRUPT_INIT?EXTI_INTERRUPT
            CODE    089CH     0009H     INBLOCK      ?PR?_EXTI0_INTERRUPT_SET_CALLBACK?EXTI_INTERRUPT
            CODE    08A5H     0009H     INBLOCK      ?PR?_EXTI1_INTERRUPT_SET_CALLBACK?EXTI_INTERRUPT
            CODE    08AEH     0008H     INBLOCK      ?PR?_UART_SEND?UART
            CODE    08B6H     0008H     INBLOCK      ?PR?_THREAD_SUSPEND?THREAD
            CODE    08BEH     0007H     INBLOCK      ?PR?_TIMER0_SET_CALLBACK?TIMER
            CODE    08C5H     0007H     INBLOCK      ?PR?_THREAD_NORMAL?THREAD



OVERLAY MAP OF MODULE:   .\outHex\keil5_prj (MAIN)


SEGMENT                                            DATA_GROUP 
  +--> CALLED SEGMENT                            START    LENGTH
----------------------------------------------------------------
?C_C51STARTUP                                    -----    -----
  +--> ?PR?MAIN?MAIN
  +--> ?C_INITSEG

?PR?MAIN?MAIN                                    -----    -----
  +--> ?PR?UART_INIT?UART
  +--> ?PR?_PUTCHAR?UART
  +--> ?PR?THREAD_A_FUN?MAIN
  +--> ?CO?MAIN
  +--> ?PR?_THREAD_CREATE?THREAD
  +--> ?PR?THREAD_B_FUN?MAIN
  +--> ?PR?THREAD_C_FUN?MAIN
  +--> ?PR?_THREAD_CHANGE?THREAD
  +--> ?PR?_TIMER0_SET_CALLBACK?TIMER
  +--> ?PR?TIMER0_INIT?TIMER
  +--> ?PR?EXTI0_INT_HANDLER?MAIN
  +--> ?PR?_EXTI0_INTERRUPT_SET_CALLBACK?EXT...
  +--> ?PR?EXTI_INTERRUPT_INIT?EXTI_INTERRUPT
  +--> ?PR?THREAD_START?THREAD

?PR?_PUTCHAR?UART                                -----    -----
BL51 BANKED LINKER/LOCATER V6.22                                                      07/23/2021  21:38:56  PAGE 3


  +--> ?PR?_UART_SEND?UART

?PR?THREAD_A_FUN?MAIN                            -----    -----
  +--> ?PR?_PUTCHAR?UART

?PR?_THREAD_CREATE?THREAD                        004AH    000CH

?PR?THREAD_B_FUN?MAIN                            -----    -----
  +--> ?PR?_PUTCHAR?UART

?PR?THREAD_C_FUN?MAIN                            -----    -----
  +--> ?PR?_PUTCHAR?UART

?PR?_THREAD_CHANGE?THREAD                        004AH    0006H
  +--> ?PR?THREAD_SCHEDULE?THREAD

?PR?EXTI0_INT_HANDLER?MAIN                       -----    -----
  +--> ?PR?_PUTCHAR?UART
  +--> ?PR?_THREAD_SET_NEXT_THREAD?THREAD

?PR?THREAD_START?THREAD                          -----    -----
  +--> ?PR?THREAD_SCHEDULE?THREAD



SYMBOL TABLE OF MODULE:  .\outHex\keil5_prj (MAIN)

  VALUE           TYPE          NAME
  ----------------------------------

  -------         MODULE        MAIN
  C:0000H         SYMBOL        _ICE_DUMMY_
  D:0090H         PUBLIC        P1
  D:00B0H         PUBLIC        P3
  D:00A8H         PUBLIC        IE
  D:00B8H         PUBLIC        IP
  C:0466H         PUBLIC        main
  D:0098H         PUBLIC        SCON
  D:0088H         PUBLIC        TCON
  I:0064H         PUBLIC        thread_a_stack
  I:0082H         PUBLIC        thread_b_stack
  I:00A0H         PUBLIC        thread_c_stack
  C:0861H         PUBLIC        EXTI0_int_Handler
  D:000EH         PUBLIC        thread_a
  D:0022H         PUBLIC        thread_b
  D:0036H         PUBLIC        thread_c
  B:0088H.5       PUBLIC        TF0
  D:00C8H         PUBLIC        T2CON
  C:0774H         PUBLIC        thread_a_fun
  C:07BCH         PUBLIC        thread_b_fun
  C:07DEH         PUBLIC        thread_c_fun
  D:00D0H         PUBLIC        PSW
  -------         PROC          THREAD_A_FUN
  -------         DO            
  D:0008H         SYMBOL        test_data
  -------         ENDDO         
  C:0774H         LINE#         10
BL51 BANKED LINKER/LOCATER V6.22                                                      07/23/2021  21:38:56  PAGE 4


  C:0774H         LINE#         11
  C:0774H         LINE#         13
  C:0774H         LINE#         14
  C:0774H         LINE#         15
  C:0781H         LINE#         16
  C:0781H         LINE#         17
  C:0786H         LINE#         18
  C:0786H         LINE#         19
  C:078EH         LINE#         20
  C:0796H         LINE#         21
  -------         ENDPROC       THREAD_A_FUN
  -------         PROC          THREAD_B_FUN
  -------         DO            
  D:000AH         SYMBOL        test_data
  -------         ENDDO         
  C:07BCH         LINE#         28
  C:07BCH         LINE#         29
  C:07BCH         LINE#         31
  C:07BCH         LINE#         32
  C:07BCH         LINE#         33
  C:07C9H         LINE#         34
  C:07C9H         LINE#         35
  C:07CFH         LINE#         36
  C:07CFH         LINE#         37
  C:07D4H         LINE#         38
  C:07DCH         LINE#         39
  -------         ENDPROC       THREAD_B_FUN
  -------         PROC          THREAD_C_FUN
  -------         DO            
  D:000CH         SYMBOL        test_data
  -------         ENDDO         
  C:07DEH         LINE#         47
  C:07DEH         LINE#         48
  C:07DEH         LINE#         50
  C:07DEH         LINE#         51
  C:07DEH         LINE#         52
  C:07EBH         LINE#         53
  C:07EBH         LINE#         54
  C:07F1H         LINE#         55
  C:07F1H         LINE#         57
  C:07F6H         LINE#         58
  C:07FEH         LINE#         59
  -------         ENDPROC       THREAD_C_FUN
  -------         PROC          EXTI0_INT_HANDLER
  C:0861H         LINE#         62
  C:0861H         LINE#         63
  C:0861H         LINE#         64
  C:0866H         LINE#         65
  C:086FH         LINE#         66
  C:0871H         LINE#         67
  -------         ENDPROC       EXTI0_INT_HANDLER
  -------         PROC          MAIN
  C:0466H         LINE#         69
  C:0466H         LINE#         70
  C:0466H         LINE#         71
  C:0469H         LINE#         72
  C:046EH         LINE#         73
BL51 BANKED LINKER/LOCATER V6.22                                                      07/23/2021  21:38:56  PAGE 5


  C:0492H         LINE#         74
  C:04B6H         LINE#         75
  C:04DAH         LINE#         77
  C:04E3H         LINE#         78
  C:04E6H         LINE#         79
  C:04EFH         LINE#         80
  C:04F2H         LINE#         82
  C:04F5H         LINE#         83
  C:04F5H         LINE#         84
  C:04F5H         LINE#         86
  -------         ENDPROC       MAIN
  -------         ENDMOD        MAIN

  -------         MODULE        UART
  C:0000H         SYMBOL        _ICE_DUMMY_
  D:0090H         PUBLIC        P1
  D:00B0H         PUBLIC        P3
  B:00A8H.7       PUBLIC        EA
  C:08AEH         PUBLIC        _Uart_Send
  D:00A8H         PUBLIC        IE
  B:00A8H.4       PUBLIC        ES
  D:00B8H         PUBLIC        IP
  B:0098H.0       PUBLIC        RI
  B:0098H.1       PUBLIC        TI
  D:0099H         PUBLIC        SBUF
  D:0087H         PUBLIC        PCON
  D:0098H         PUBLIC        SCON
  C:0836H         PUBLIC        Uart_init
  D:0089H         PUBLIC        TMOD
  D:0088H         PUBLIC        TCON
  C:0798H         PUBLIC        _Uart_puts
  D:008DH         PUBLIC        TH1
  B:0098H.7       PUBLIC        SM0
  B:0098H.6       PUBLIC        SM1
  D:008BH         PUBLIC        TL1
  B:0088H.6       PUBLIC        TR1
  B:0098H.4       PUBLIC        REN
  D:00C8H         PUBLIC        T2CON
  C:0882H         PUBLIC        Uart_IRQ
  D:00D0H         PUBLIC        PSW
  C:0016H         PUBLIC        _putchar
  -------         PROC          UART_INIT
  C:0836H         LINE#         4
  C:0836H         LINE#         5
  C:0836H         LINE#         6
  C:0839H         LINE#         7
  C:083CH         LINE#         8
  C:083FH         LINE#         9
  C:0841H         LINE#         10
  C:0843H         LINE#         11
  C:0845H         LINE#         12
  C:0848H         LINE#         14
  C:084AH         LINE#         15
  C:084CH         LINE#         16
  C:084EH         LINE#         18
  -------         ENDPROC       UART_INIT
  -------         PROC          _UART_SEND
BL51 BANKED LINKER/LOCATER V6.22                                                      07/23/2021  21:38:56  PAGE 6


  D:0007H         SYMBOL        Data
  C:08AEH         LINE#         20
  C:08AEH         LINE#         21
  C:08AEH         LINE#         22
  C:08B0H         LINE#         23
  C:08B3H         LINE#         24
  C:08B5H         LINE#         26
  -------         ENDPROC       _UART_SEND
  -------         PROC          _PUTCHAR
  D:0006H         SYMBOL        c
  C:0016H         LINE#         28
  C:0019H         LINE#         29
  C:0019H         LINE#         31
  C:001BH         LINE#         32
  C:001EH         LINE#         33
  C:0020H         LINE#         34
  C:0020H         LINE#         36
  -------         ENDPROC       _PUTCHAR
  -------         PROC          _UART_PUTS
  D:005CH         SYMBOL        str
  -------         DO            
  D:0004H         SYMBOL        i
  -------         ENDDO         
  C:0798H         LINE#         38
  C:079EH         LINE#         39
  C:079EH         LINE#         40
  C:07A1H         LINE#         43
  C:07B1H         LINE#         44
  C:07B1H         LINE#         45
  C:07B4H         LINE#         46
  C:07B9H         LINE#         47
  C:07BBH         LINE#         49
  -------         ENDPROC       _UART_PUTS
  -------         PROC          UART_IRQ
  C:0882H         LINE#         51
  C:0884H         LINE#         54
  C:0887H         LINE#         55
  C:0887H         LINE#         56
  C:0889H         LINE#         59
  C:0889H         LINE#         61
  C:088CH         LINE#         62
  C:088CH         LINE#         63
  C:088EH         LINE#         65
  C:088EH         LINE#         67
  -------         ENDPROC       UART_IRQ
  -------         ENDMOD        UART

  -------         MODULE        TIMER
  C:0000H         SYMBOL        _ICE_DUMMY_
  D:0090H         PUBLIC        P1
  C:0583H         PUBLIC        timer0_irq
  D:00B0H         PUBLIC        P3
  B:00A8H.7       PUBLIC        EA
  D:00A8H         PUBLIC        IE
  D:00B8H         PUBLIC        IP
  D:0081H         PUBLIC        SP
  C:0872H         PUBLIC        Timer0_Init
BL51 BANKED LINKER/LOCATER V6.22                                                      07/23/2021  21:38:56  PAGE 7


  D:0098H         PUBLIC        SCON
  D:0089H         PUBLIC        TMOD
  D:0088H         PUBLIC        TCON
  D:005FH         PUBLIC        p_timer0_callback
  B:00A8H.1       PUBLIC        ET0
  D:008CH         PUBLIC        TH0
  C:000EH         PUBLIC        Timer0_interupt_disable
  D:008AH         PUBLIC        TL0
  B:0088H.4       PUBLIC        TR0
  C:0006H         PUBLIC        Timer0_interupt_enable
  D:00C8H         PUBLIC        T2CON
  C:08BEH         PUBLIC        _Timer0_set_callback
  D:00D0H         PUBLIC        PSW
  -------         PROC          TIMER0_INIT
  C:0872H         LINE#         8
  C:0872H         LINE#         9
  C:0872H         LINE#         11
  C:0875H         LINE#         12
  C:0878H         LINE#         13
  C:087BH         LINE#         14
  C:087DH         LINE#         15
  C:087FH         LINE#         16
  C:0881H         LINE#         18
  -------         ENDPROC       TIMER0_INIT
  -------         PROC          TIMER0_INTERUPT_ENABLE
  C:0006H         LINE#         20
  C:0006H         LINE#         21
  C:0006H         LINE#         22
  C:0008H         LINE#         24
  -------         ENDPROC       TIMER0_INTERUPT_ENABLE
  -------         PROC          TIMER0_INTERUPT_DISABLE
  C:000EH         LINE#         25
  C:000EH         LINE#         26
  C:000EH         LINE#         27
  C:0010H         LINE#         28
  -------         ENDPROC       TIMER0_INTERUPT_DISABLE
  -------         PROC          _TIMER0_SET_CALLBACK
  D:0001H         SYMBOL        pfun
  C:08BEH         LINE#         30
  C:08BEH         LINE#         31
  C:08BEH         LINE#         32
  C:08C4H         LINE#         33
  -------         ENDPROC       _TIMER0_SET_CALLBACK
  -------         PROC          TIMER0_IRQ
  C:0583H         LINE#         36
  C:05A5H         LINE#         38
  C:05A7H         LINE#         39
  C:05AAH         LINE#         40
  C:05ADH         LINE#         42
  C:05BDH         LINE#         43
  C:05BDH         LINE#         44
  C:05C8H         LINE#         45
  C:05C8H         LINE#         46
  C:05CAH         LINE#         47
  -------         ENDPROC       TIMER0_IRQ
  -------         ENDMOD        TIMER

BL51 BANKED LINKER/LOCATER V6.22                                                      07/23/2021  21:38:56  PAGE 8


  -------         MODULE        THREAD
  C:0000H         SYMBOL        _ICE_DUMMY_
  C:081BH         PUBLIC        thread_start
  C:084FH         PUBLIC        _thread_set_next_thread
  C:073CH         PUBLIC        thread_schedule
  I:00BEH         PUBLIC        g_thread_manage_list
  C:0026H         PUBLIC        _thread_change
  C:05EDH         PUBLIC        _thread_create
  C:08B6H         PUBLIC        _thread_suspend
  C:08C5H         PUBLIC        _thread_normal
  -------         PROC          _THREAD_CREATE
  D:004AH         SYMBOL        block
  D:004DH         SYMBOL        pfun
  D:0050H         SYMBOL        sp_init
  D:0053H         SYMBOL        name
  C:05EDH         LINE#         5
  C:05F3H         LINE#         6
  C:05F3H         LINE#         7
  C:05F8H         LINE#         8
  C:0606H         LINE#         9
  C:0614H         LINE#         10
  C:061BH         LINE#         11
  C:0636H         LINE#         12
  C:064EH         LINE#         13
  C:0656H         LINE#         14
  -------         ENDPROC       _THREAD_CREATE
  -------         PROC          _THREAD_SUSPEND
  D:0001H         SYMBOL        block
  C:08B6H         LINE#         16
  C:08B6H         LINE#         17
  C:08B6H         LINE#         18
  -------         ENDPROC       _THREAD_SUSPEND
  -------         PROC          _THREAD_NORMAL
  D:0001H         SYMBOL        block
  C:08C5H         LINE#         21
  C:08C5H         LINE#         22
  C:08C5H         LINE#         23
  -------         ENDPROC       _THREAD_NORMAL
  -------         PROC          _THREAD_SET_NEXT_THREAD
  D:0001H         SYMBOL        block
  C:084FH         LINE#         26
  C:084FH         LINE#         27
  C:084FH         LINE#         28
  C:0853H         LINE#         29
  C:0853H         LINE#         30
  C:0860H         LINE#         31
  C:0860H         LINE#         33
  -------         ENDPROC       _THREAD_SET_NEXT_THREAD
  -------         PROC          THREAD_SCHEDULE
  -------         DO            
  D:0062H         SYMBOL        next_thread
  -------         ENDDO         
  C:073CH         LINE#         35
  C:073CH         LINE#         36
  C:073CH         LINE#         39
  C:073CH         LINE#         40
  C:0744H         LINE#         41
BL51 BANKED LINKER/LOCATER V6.22                                                      07/23/2021  21:38:56  PAGE 9


  C:0754H         LINE#         42
  C:0754H         LINE#         43
  C:0759H         LINE#         44
  C:0759H         LINE#         45
  C:0759H         LINE#         46
  C:0773H         LINE#         48
  C:0773H         LINE#         50
  -------         ENDPROC       THREAD_SCHEDULE
  -------         PROC          THREAD_START
  C:081BH         LINE#         52
  C:081BH         LINE#         53
  C:081BH         LINE#         54
  C:0825H         LINE#         55
  C:0835H         LINE#         56
  -------         ENDPROC       THREAD_START
  -------         PROC          _THREAD_CHANGE
  D:0007H         SYMBOL        sp
  -------         DO            
  D:004AH         SYMBOL        my_sp
  D:004DH         SYMBOL        p_th_block
  -------         ENDDO         
  C:0026H         LINE#         58
  C:0026H         LINE#         59
  C:0026H         LINE#         60
  C:0031H         LINE#         61
  C:003AH         LINE#         63
  C:004AH         LINE#         64
  C:0052H         LINE#         65
  C:0052H         LINE#         66
  C:0068H         LINE#         67
  C:007DH         LINE#         68
  C:0095H         LINE#         69
  C:00ADH         LINE#         70
  C:00C5H         LINE#         71
  C:00DDH         LINE#         72
  C:00F5H         LINE#         73
  C:010DH         LINE#         74
  C:0125H         LINE#         75
  C:013DH         LINE#         76
  C:0155H         LINE#         77
  C:016DH         LINE#         78
  C:0185H         LINE#         79
  C:019DH         LINE#         80
  C:01B5H         LINE#         81
  C:01CAH         LINE#         82
  C:01CAH         LINE#         84
  C:01DBH         LINE#         85
  C:01EBH         LINE#         86
  C:01FAH         LINE#         87
  C:0212H         LINE#         88
  C:022AH         LINE#         89
  C:0242H         LINE#         90
  C:025AH         LINE#         91
  C:0272H         LINE#         92
  C:028AH         LINE#         93
  C:02A2H         LINE#         94
  C:02BAH         LINE#         95
BL51 BANKED LINKER/LOCATER V6.22                                                      07/23/2021  21:38:56  PAGE 10


  C:02D2H         LINE#         96
  C:02EAH         LINE#         97
  C:0302H         LINE#         98
  C:031AH         LINE#         99
  C:0332H         LINE#         100
  C:0347H         LINE#         102
  C:035FH         LINE#         103
  C:036FH         LINE#         105
  C:0371H         LINE#         106
  -------         ENDPROC       _THREAD_CHANGE
  -------         ENDMOD        THREAD

  -------         MODULE        EXTI_INTERRUPT
  C:0000H         SYMBOL        _ICE_DUMMY_
  C:0657H         PUBLIC        exti_interrupt_ex0
  C:06ADH         PUBLIC        exti_interrupt_ex1
  D:0090H         PUBLIC        P1
  C:089CH         PUBLIC        _exti0_interrupt_set_callback
  D:00B0H         PUBLIC        P3
  C:08A5H         PUBLIC        _exti1_interrupt_set_callback
  B:00A8H.7       PUBLIC        EA
  D:00A8H         PUBLIC        IE
  D:00B8H         PUBLIC        IP
  C:0891H         PUBLIC        exti_interrupt_init
  D:0098H         PUBLIC        SCON
  D:0088H         PUBLIC        TCON
  B:0088H.1       PUBLIC        IE0
  B:00A8H.0       PUBLIC        EX0
  B:0088H.0       PUBLIC        IT0
  B:00A8H.2       PUBLIC        EX1
  B:0088H.2       PUBLIC        IT1
  D:0056H         PUBLIC        p_exti0_callback
  D:0059H         PUBLIC        p_exti1_callback
  D:00C8H         PUBLIC        T2CON
  D:00D0H         PUBLIC        PSW
  -------         PROC          EXTI_INTERRUPT_INIT
  C:0891H         LINE#         8
  C:0891H         LINE#         9
  C:0891H         LINE#         10
  C:0893H         LINE#         11
  C:0895H         LINE#         12
  C:0897H         LINE#         14
  C:0899H         LINE#         15
  C:089BH         LINE#         16
  -------         ENDPROC       EXTI_INTERRUPT_INIT
  -------         PROC          _EXTI0_INTERRUPT_SET_CALLBACK
  D:0001H         SYMBOL        pfun
  C:089CH         LINE#         19
  C:089CH         LINE#         20
  C:089CH         LINE#         21
  C:089EH         LINE#         22
  C:08A4H         LINE#         23
  -------         ENDPROC       _EXTI0_INTERRUPT_SET_CALLBACK
  -------         PROC          _EXTI1_INTERRUPT_SET_CALLBACK
  D:0001H         SYMBOL        pfun
  C:08A5H         LINE#         25
  C:08A5H         LINE#         26
BL51 BANKED LINKER/LOCATER V6.22                                                      07/23/2021  21:38:56  PAGE 11


  C:08A5H         LINE#         27
  C:08A7H         LINE#         28
  C:08ADH         LINE#         29
  -------         ENDPROC       _EXTI1_INTERRUPT_SET_CALLBACK
  -------         PROC          EXTI_INTERRUPT_EX0
  C:0657H         LINE#         32
  C:0679H         LINE#         35
  C:0687H         LINE#         36
  C:0687H         LINE#         37
  C:068AH         LINE#         38
  C:068AH         LINE#         40
  -------         ENDPROC       EXTI_INTERRUPT_EX0
  -------         PROC          EXTI_INTERRUPT_EX1
  C:06ADH         LINE#         42
  C:06CFH         LINE#         45
  C:06DDH         LINE#         46
  C:06DDH         LINE#         47
  C:06E0H         LINE#         48
  C:06E0H         LINE#         50
  -------         ENDPROC       EXTI_INTERRUPT_EX1
  -------         ENDMOD        EXTI_INTERRUPT

  -------         MODULE        ?C?CLDPTR
  C:0372H         PUBLIC        ?C?CLDPTR
  -------         ENDMOD        ?C?CLDPTR

  -------         MODULE        ?C?CLDOPTR
  C:038BH         PUBLIC        ?C?CLDOPTR
  -------         ENDMOD        ?C?CLDOPTR

  -------         MODULE        ?C?CSTPTR
  C:03B8H         PUBLIC        ?C?CSTPTR
  -------         ENDMOD        ?C?CSTPTR

  -------         MODULE        ?C?CSTOPTR
  C:03CAH         PUBLIC        ?C?CSTOPTR
  -------         ENDMOD        ?C?CSTOPTR

  -------         MODULE        ?C?PSTOPTR
  C:03ECH         PUBLIC        ?C?PSTOPTR
  -------         ENDMOD        ?C?PSTOPTR

  -------         MODULE        ?C?ICALL
  C:0445H         PUBLIC        ?C?ICALL
  C:0449H         PUBLIC        ?C?ICALL2
  -------         ENDMOD        ?C?ICALL

  -------         MODULE        ?C?PSTIDATA
  C:044BH         PUBLIC        ?C?PSTIDATA
  -------         ENDMOD        ?C?PSTIDATA

  -------         MODULE        ?C?PSTXDATA
  C:0454H         PUBLIC        ?C?PSTXDATA
  -------         ENDMOD        ?C?PSTXDATA

  -------         MODULE        ?C?PSTPDATA
  C:045DH         PUBLIC        ?C?PSTPDATA
BL51 BANKED LINKER/LOCATER V6.22                                                      07/23/2021  21:38:56  PAGE 12


  -------         ENDMOD        ?C?PSTPDATA

*** WARNING L16: UNCALLED SEGMENT, IGNORED FOR OVERLAY PROCESS
    SEGMENT: ?PR?_UART_PUTS?UART

*** WARNING L16: UNCALLED SEGMENT, IGNORED FOR OVERLAY PROCESS
    SEGMENT: ?PR?TIMER0_INTERUPT_ENABLE?TIMER

*** WARNING L16: UNCALLED SEGMENT, IGNORED FOR OVERLAY PROCESS
    SEGMENT: ?PR?TIMER0_INTERUPT_DISABLE?TIMER

*** WARNING L16: UNCALLED SEGMENT, IGNORED FOR OVERLAY PROCESS
    SEGMENT: ?PR?_THREAD_SUSPEND?THREAD

*** WARNING L16: UNCALLED SEGMENT, IGNORED FOR OVERLAY PROCESS
    SEGMENT: ?PR?_THREAD_NORMAL?THREAD

*** WARNING L16: UNCALLED SEGMENT, IGNORED FOR OVERLAY PROCESS
    SEGMENT: ?PR?_EXTI1_INTERRUPT_SET_CALLBACK?EXTI_INTERRUPT

Program Size: data=214.0 xdata=0 code=2246
LINK/LOCATE RUN COMPLETE.  6 WARNING(S),  0 ERROR(S)
