C51 COMPILER V9.54   MOTOR_ENCODE                                                          05/07/2021 22:44:07 PAGE 1   


C51 COMPILER V9.54, COMPILATION OF MODULE MOTOR_ENCODE
OBJECT MODULE PLACED IN .\outHex\motor_encode.obj
COMPILER INVOKED BY: C:\Keil_v5\C51\BIN\C51.EXE ..\..\motor_encode\motor_encode.c OPTIMIZE(8,SPEED) BROWSE INCDIR(..\..\
                    -74HC573;..\..\BUTTON;..\..\DS18B20;..\..\exti_interrupt;..\..\IIC;..\..\LCD1602;..\..\motor_encode;..\..\mystring;..\..\
                    -pcf8591;..\..\PWM;..\..\software_timer;..\..\TIMER;..\..\UART) DEBUG OBJECTEXTEND PRINT(.\Listings\motor_encode.lst) TAB
                    -S(2) OBJECT(.\outHex\motor_encode.obj)

line level    source

   1          #include "motor_encode.h"
   2          
   3          sbit motor_in1 = P2^0;
   4          sbit motor_in2 = P2^1;
   5          sbit motor_en = P2^2;
   6          
   7          void motor_encode_enable()
   8          {
   9   1        motor_en = 1;
  10   1      }
  11          
  12          void motor_encode_disable()
  13          {
  14   1        motor_en = 0;
  15   1      }
  16          
  17          void motor_encode_clockwise()
  18          {
  19   1        motor_in1 = 1;
  20   1        motor_in2 = 0;
  21   1      
  22   1      }
  23          
  24          void motor_encode_anticlockwise()
  25          {
  26   1        motor_in1 = 0;
  27   1        motor_in2 = 1;
  28   1      }
  29          
  30          void motor_encode_free_stop()
  31          {
  32   1        motor_in1 = 0;
  33   1        motor_in2 = 0;
  34   1      }
  35          
  36          void motor_encode_faster_stop()
  37          {
  38   1        motor_in1 = 1;
  39   1        motor_in2 = 1;
  40   1      }


MODULE INFORMATION:   STATIC OVERLAYABLE
   CODE SIZE        =     26    ----
   CONSTANT SIZE    =   ----    ----
   XDATA SIZE       =   ----    ----
   PDATA SIZE       =   ----    ----
   DATA SIZE        =   ----    ----
   IDATA SIZE       =   ----    ----
   BIT SIZE         =   ----    ----
END OF MODULE INFORMATION.


C51 COMPILATION COMPLETE.  0 WARNING(S),  0 ERROR(S)
