C51 COMPILER V9.54   KEYBOARD                                                              12/16/2021 12:22:33 PAGE 1   


C51 COMPILER V9.54, COMPILATION OF MODULE KEYBOARD
OBJECT MODULE PLACED IN .\outHex\KeyBoard.obj
COMPILER INVOKED BY: C:\Keil_V525\C51\BIN\C51.EXE ..\..\KeyBoard\KeyBoard.c LARGE OPTIMIZE(9,SPEED) BROWSE INCDIR(..\..\
                    -74HC573;..\..\BUTTON;..\..\DS18B20;..\..\exti_interrupt;..\..\IIC;..\..\LCD1602;..\..\motor_encode;..\..\mystring;..\..\
                    -pcf8591;..\..\PWM;..\..\software_timer;..\..\TIMER;..\..\UART;..\..\AT24CXX;..\..\PCF8574;..\..\KeyBoard;..\Calu) DEBUG 
                    -OBJECTEXTEND PRINT(.\Listings\KeyBoard.lst) TABS(2) OBJECT(.\outHex\KeyBoard.obj)

line level    source

   1          #include "KeyBoard.h"
   2          #include "PCF8574.h"
   3          
   4          /*
   5          o-------------------->x
   6          |
   7          |
   8          |
   9          v
  10          y
  11          */
  12          
  13          unsigned char KeyBoard_get_status(int x,int y)
  14          {
  15   1        unsigned char is_key_press = 1;
  16   1        PCF8574_write_port(0,0xFF);
  17   1        PCF8574_write_port(1,0xFF);
  18   1        PCF8574_set_bit(0,x,0);
  19   1        PCF8574_set_bit(1,y,1);
  20   1        is_key_press = PCF8574_read_bit(1,y);
  21   1        return !is_key_press;
  22   1      }
  23          
  24          unsigned char KeyBoard_is_loosen(KEY_BLOCK *key)
  25          {
  26   1        unsigned char key_is_loosen = 0;
  27   1        key->cur_status =  KeyBoard_get_status(key->x,key->y);
  28   1        if(key->last_status == 1 && key->cur_status == 0)
  29   1        {
  30   2          key_is_loosen = key->Key_Code;
  31   2        }
  32   1        key->last_status = key->cur_status;
  33   1        return key_is_loosen;
  34   1      }


MODULE INFORMATION:   STATIC OVERLAYABLE
   CODE SIZE        =    182    ----
   CONSTANT SIZE    =   ----    ----
   XDATA SIZE       =   ----       8
   PDATA SIZE       =   ----    ----
   DATA SIZE        =   ----    ----
   IDATA SIZE       =   ----    ----
   BIT SIZE         =   ----    ----
END OF MODULE INFORMATION.


C51 COMPILATION COMPLETE.  0 WARNING(S),  0 ERROR(S)
