C51 COMPILER V9.54   SOFTWARE_TIMER                                                        07/12/2021 20:12:07 PAGE 1   


C51 COMPILER V9.54, COMPILATION OF MODULE SOFTWARE_TIMER
OBJECT MODULE PLACED IN .\outHex\software_timer.obj
COMPILER INVOKED BY: C:\Keil_v5\C51\BIN\C51.EXE ..\..\software_timer\software_timer.c LARGE ROM(COMPACT) OPTIMIZE(9,SPEE
                    -D) BROWSE INCDIR(..\..\74HC573;..\..\BUTTON;..\..\DS18B20;..\..\exti_interrupt;..\..\IIC;..\..\LCD1602;..\..\motor_encod
                    -e;..\..\mystring;..\..\pcf8591;..\..\PWM;..\..\software_timer;..\..\TIMER;..\..\UART;..\..\AT24CXX;..\..\PCF8574;..\..\K
                    -eyBoard) DEBUG OBJECTEXTEND PRINT(.\Listings\software_timer.lst) TABS(2) OBJECT(.\outHex\software_timer.obj)

line level    source

   1          /*
   2          软件定时器是一种没有硬件定时器那么精准，但数量却几乎无限的"假定时器"。
   3          一般在硬件定时器的服务函数中进行节拍递增，而在程序的主循环中判断时间是否已到；
   4          如果时间已经到了，就调用该执行的函数。
   5          */
   6          
   7          #include "software_timer.h"
   8          /*
   9          soft_timer_stepper函数一般用在定时器的中断服务函数中
  10          */
  11          void soft_timer_stepper(soft_timer* timer)
  12          {
  13   1        if(timer->counter < timer->timeout)
  14   1        {
  15   2          timer->counter++;
  16   2        }
  17   1        
  18   1      }
  19          /*
  20          soft_timer_check函数一般用在主循环中
  21          */
  22          int soft_timer_check(soft_timer* timer)
  23          { 
  24   1        if(timer->counter >= timer->timeout)
  25   1        {
  26   2          timer->counter = 0;
  27   2          return 1;
  28   2        }
  29   1        else
  30   1        {
  31   2          return 0;
  32   2        }
  33   1      }


MODULE INFORMATION:   STATIC OVERLAYABLE
   CODE SIZE        =     50    ----
   CONSTANT SIZE    =   ----    ----
   XDATA SIZE       =   ----    ----
   PDATA SIZE       =   ----    ----
   DATA SIZE        =   ----    ----
   IDATA SIZE       =   ----    ----
   BIT SIZE         =   ----    ----
END OF MODULE INFORMATION.


C51 COMPILATION COMPLETE.  0 WARNING(S),  0 ERROR(S)
