C51 COMPILER V9.54   SOFTWARE_TIMER                                                        12/16/2021 12:22:32 PAGE 1   


C51 COMPILER V9.54, COMPILATION OF MODULE SOFTWARE_TIMER
OBJECT MODULE PLACED IN .\outHex\software_timer.obj
COMPILER INVOKED BY: C:\Keil_V525\C51\BIN\C51.EXE ..\..\software_timer\software_timer.c LARGE OPTIMIZE(9,SPEED) BROWSE I
                    -NCDIR(..\..\74HC573;..\..\BUTTON;..\..\DS18B20;..\..\exti_interrupt;..\..\IIC;..\..\LCD1602;..\..\motor_encode;..\..\mys
                    -tring;..\..\pcf8591;..\..\PWM;..\..\software_timer;..\..\TIMER;..\..\UART;..\..\AT24CXX;..\..\PCF8574;..\..\KeyBoard;..\
                    -Calu) DEBUG OBJECTEXTEND PRINT(.\Listings\software_timer.lst) TABS(2) OBJECT(.\outHex\software_timer.obj)

line level    source

   1          
   2          #include "software_timer.h"
   3          /*
   4          soft_timer_stepper函数一般用在定时器的中断服务函数中
   5          */
   6          void soft_timer_stepper(soft_timer* timer)
   7          {
   8   1        if(timer->counter < timer->timeout)
   9   1        {
  10   2          timer->counter++;
  11   2        }
  12   1        
  13   1      }
  14          /*
  15          soft_timer_check函数一般用在主循环中
  16          */
  17          int soft_timer_check(soft_timer* timer)
  18          { 
  19   1        if(timer->counter >= timer->timeout)
  20   1        {
  21   2          timer->counter = 0;
  22   2          return 1;
  23   2        }
  24   1        else
  25   1        {
  26   2          return 0;
  27   2        }
  28   1      }


MODULE INFORMATION:   STATIC OVERLAYABLE
   CODE SIZE        =     50    ----
   CONSTANT SIZE    =   ----    ----
   XDATA SIZE       =   ----    ----
   PDATA SIZE       =   ----    ----
   DATA SIZE        =   ----    ----
   IDATA SIZE       =   ----    ----
   BIT SIZE         =   ----    ----
END OF MODULE INFORMATION.


C51 COMPILATION COMPLETE.  0 WARNING(S),  0 ERROR(S)
